2026-09-20 16:06:51 | [INFO   ] | Логгер успешно сконфигурирован
2026-09-20 16:06:51 | [INFO   ] | Приложение запущено
2026-09-20 16:06:51 | [INFO   ] | Итерация b = 0
2026-09-20 16:06:51 | [WARNING] | Внимание, переменная b инициализирована нулем!
2026-09-20 16:06:51 | [DEBUG  ] | Выполнение деления 10 на 0
2026-09-20 16:06:51 | [ERROR  ] | Что-то пошло не так...
2026-09-20 16:06:51 | [ERROR  ] | Заход в блок обработки исключения:
Traceback (most recent call last):
  File "C:\Users\valer\Desktop\VKI\PTPM Tests\laba_testovaya\main.py", line 33, in main
    result = a / b
             ~~^~~
ZeroDivisionError: division by zero
2026-09-21 16:57:56 | [INFO   ] | Логгер успешно сконфигурирован
2026-09-21 16:57:56 | [INFO   ] | Приложение запущено
2026-09-21 16:58:23 | [INFO   ] | Логгер успешно сконфигурирован
2026-09-21 16:58:23 | [INFO   ] | Приложение запущено
2026-09-21 17:02:58 | [INFO   ] | Логгер успешно сконфигурирован
2026-09-21 17:02:58 | [INFO   ] | Приложение запущено
2026-09-21 17:03:05 | [INFO   ] | Тип: Равнобедренный
2026-09-21 17:03:18 | [INFO   ] | Логгер успешно сконфигурирован
2026-09-21 17:03:18 | [INFO   ] | Приложение запущено
2026-09-21 17:03:25 | [ERROR  ] | нечисловые данные, координаты (-2,-2)
2026-09-21 17:21:49 | [INFO   ] | Логгер успешно сконфигурирован
2026-09-21 17:21:49 | [INFO   ] | Приложение запущено
2026-09-21 17:21:57 | [INFO   ] | Тип треугольника: Разносторонний
2026-09-22 19:21:49 | [INFO   ] | Логгер успешно сконфигурирован
2026-09-22 19:21:49 | [INFO   ] | Приложение запущено
2026-09-22 19:22:19 | [INFO   ] | Логгер успешно сконфигурирован
2026-09-22 19:22:19 | [INFO   ] | Приложение запущено
2026-09-22 19:22:33 | [INFO   ] | Тип треугольника: Не треугольник
2026-09-22 19:22:33 | [INFO   ] | Координаты вершин: [(-1, -1), (-1, -1), (-1, -1)]
2026-09-22 19:23:03 | [INFO   ] | Логгер успешно сконфигурирован
2026-09-22 19:23:03 | [INFO   ] | Приложение запущено
2026-09-22 19:23:35 | [INFO   ] | Логгер успешно сконфигурирован
2026-09-22 19:23:35 | [INFO   ] | Приложение запущено
2026-09-22 19:23:41 | [INFO   ] | Тип треугольника: Разносторонний
2026-09-22 19:23:41 | [INFO   ] | Координаты вершин: [(0, 0), (5, 0), (3, 2)]
2026-09-22 19:34:29 | [INFO   ] | Логгер успешно сконфигурирован
2026-09-22 19:34:29 | [INFO   ] | Приложение запущено
2026-09-22 19:34:58 | [INFO   ] | Тип треугольника: Равнобедренный
2026-09-22 19:34:58 | [INFO   ] | Координаты вершин: [(0, 0), (6, 0), (1, 2)]
2026-09-22 19:48:42 | [INFO   ] | Логгер успешно сконфигурирован
2026-09-22 19:48:42 | [INFO   ] | Приложение запущено
2026-09-22 19:52:28 | [INFO   ] | Логгер успешно сконфигурирован
2026-09-22 19:52:28 | [INFO   ] | Приложение запущено
2026-09-22 19:54:18 | [INFO   ] | Логгер успешно сконфигурирован
2026-09-22 19:54:18 | [INFO   ] | Приложение запущено
2026-09-22 19:54:28 | [INFO   ] | Координаты вершин: [(-2, -2), (-2, -2), (-2, -2)]
2026-09-22 19:58:21 | [INFO   ] | Логгер успешно сконфигурирован
2026-09-22 19:58:21 | [INFO   ] | Приложение запущено
2026-09-22 19:58:27 | [INFO   ] | Тип треугольника: Не треугольник
2026-09-22 19:58:27 | [INFO   ] | Координаты вершин: [(-1, -1), (-1, -1), (-1, -1)]
2026-09-22 20:12:51 | [INFO   ] | Логгер успешно сконфигурирован
2026-09-22 20:12:51 | [INFO   ] | Приложение запущено
2026-09-22 20:12:55 | [INFO   ] | Тип треугольника: Равнобедренный
2026-09-22 20:12:55 | [INFO   ] | Координаты вершин: [(0, 0), (5, 0), (4, 5)]
2026-09-22 20:14:49 | [INFO   ] | Логгер успешно сконфигурирован
2026-09-22 20:14:49 | [INFO   ] | Приложение запущено
2026-09-22 20:15:02 | [INFO   ] | Тип треугольника: Не треугольник
2026-09-22 20:15:02 | [INFO   ] | Координаты вершин: [(-1, -1), (-1, -1), (-1, -1)]
2026-09-22 20:15:21 | [INFO   ] | Логгер успешно сконфигурирован
2026-09-22 20:15:21 | [INFO   ] | Приложение запущено
2026-09-22 20:15:28 | [INFO   ] | Тип треугольника: Не треугольник
2026-09-22 20:15:28 | [INFO   ] | Координаты вершин: [(-1, -1), (-1, -1), (-1, -1)]
2026-09-22 20:15:32 | [INFO   ] | Логгер успешно сконфигурирован
2026-09-22 20:15:32 | [INFO   ] | Приложение запущено
2026-09-22 20:15:37 | [INFO   ] | Тип треугольника: Равнобедренный
2026-09-22 20:15:37 | [INFO   ] | Координаты вершин: [(0, 0), (6, 0), (1, 2)]
2026-09-22 20:30:42 | [INFO   ] | Логгер успешно сконфигурирован
2026-09-22 20:30:42 | [INFO   ] | Приложение запущено
2026-09-22 20:31:04 | [INFO   ] | Тип треугольника: Равносторонний
2026-09-22 20:31:04 | [INFO   ] | Координаты вершин: [(0, 0), (100, 0), (50, 87)]
2026-09-22 20:33:22 | [INFO   ] | Логгер успешно сконфигурирован
2026-09-22 20:33:22 | [INFO   ] | Приложение запущено
2026-09-22 20:33:35 | [INFO   ] | Тип треугольника: Равносторонний
2026-09-22 20:33:35 | [INFO   ] | Координаты вершин: [(0, 0), (100, 0), (50, 87)]
2026-09-22 20:34:09 | [INFO   ] | Логгер успешно сконфигурирован
2026-09-22 20:34:09 | [INFO   ] | Приложение запущено
2026-09-22 20:34:16 | [WARNING] | Нечисловые данные: a=None, b=21.0, c=31245.0.Тип: '', координаты: [(-2, -2), (-2, -2), (-2, -2)]
2026-09-22 20:34:42 | [INFO   ] | Логгер успешно сконфигурирован
2026-09-22 20:34:42 | [INFO   ] | Приложение запущено
2026-09-22 20:34:51 | [WARNING] | Нечисловые данные: a=None, b=124.0, c=264.0.
Тип: '', координаты: [(-2, -2), (-2, -2), (-2, -2)]
2026-09-22 20:53:59 | [INFO   ] | Логгер успешно сконфигурирован
2026-09-22 20:53:59 | [INFO   ] | Приложение запущено
2026-09-22 20:54:41 | [INFO   ] | Логгер успешно сконфигурирован
2026-09-22 20:54:41 | [INFO   ] | Приложение запущено
2026-09-22 20:54:46 | [INFO   ] | Тип треугольника: Равносторонний
2026-09-22 20:54:46 | [INFO   ] | Координаты вершин: [(0, 0), (100, 0), (50, 87)]
2026-09-22 21:17:35 | [INFO   ] | Логгер успешно сконфигурирован
2026-09-22 21:17:35 | [INFO   ] | Приложение запущено
2026-09-22 21:17:39 | [INFO   ] | Тип треугольника: Равносторонний
2026-09-22 21:17:39 | [INFO   ] | Координаты вершин: [(0, 0), (100, 0), (50, 87)]2026-09-22 21:19:21 | [INFO   ] | Логгер успешно сконфигурирован
2026-09-22 21:19:21 | [INFO   ] | Приложение запущено
2026-09-22 21:19:27 | [INFO   ] | Тип треугольника: Не треугольник
2026-09-22 21:19:27 | [INFO   ] | Координаты вершин: [(-1, -1), (-1, -1), (-1, -1)]
2026-09-22 21:19:32 | [INFO   ] | Логгер успешно сконфигурирован
2026-09-22 21:19:32 | [INFO   ] | Приложение запущено
2026-09-22 21:20:10 | [INFO   ] | Тип треугольника: Не треугольник
2026-09-22 21:20:10 | [INFO   ] | Координаты вершин: [(-1, -1), (-1, -1), (-1, -1)]
2026-09-22 21:20:59 | [INFO   ] | Логгер успешно сконфигурирован
2026-09-22 21:20:59 | [INFO   ] | Приложение запущено
2026-09-22 21:21:02 | [INFO   ] | Тип треугольника: Равносторонний
2026-09-22 21:21:02 | [INFO   ] | Координаты вершин: [(0, 0), (100, 0), (50, 87)]
2026-09-22 21:28:23 | [INFO   ] | Логгер успешно сконфигурирован
2026-09-22 21:28:23 | [INFO   ] | Приложение запущено
2026-09-22 21:28:26 | [INFO   ] | Тип треугольника: Равносторонний
2026-09-22 21:28:26 | [INFO   ] | Координаты вершин: [(0, 0), (100, 0), (50, 87)]
2026-09-22 21:28:34 | [INFO   ] | Логгер успешно сконфигурирован
2026-09-22 21:28:34 | [INFO   ] | Приложение запущено
2026-09-22 21:28:39 | [INFO   ] | Тип треугольника: Разносторонний
2026-09-22 21:28:39 | [INFO   ] | Координаты вершин: [(0, 0), (100, 0), (64, 48)]
2026-09-22 21:33:51 | [INFO   ] | Логгер успешно сконфигурирован
2026-09-22 21:33:51 | [INFO   ] | Приложение запущено
2026-09-22 21:34:00 | [INFO   ] | Тип треугольника: Равносторонний
2026-09-22 21:34:00 | [INFO   ] | Координаты вершин: [(0, 0), (10000.0, 0), (5000.0, 8660.254037844386)]
2026-09-22 21:35:25 | [INFO   ] | Логгер успешно сконфигурирован
2026-09-22 21:35:25 | [INFO   ] | Приложение запущено
2026-09-22 21:35:37 | [INFO   ] | Тип треугольника: Равносторонний
2026-09-22 21:36:50 | [INFO   ] | Логгер успешно сконфигурирован
2026-09-22 21:36:50 | [INFO   ] | Приложение запущено
2026-09-22 21:36:57 | [INFO   ] | Тип треугольника: Равносторонний
2026-09-22 21:36:57 | [INFO   ] | Координаты вершин: [(0, 0), (10000, 0), (5000, 8660)]
2026-09-22 21:37:28 | [INFO   ] | Логгер успешно сконфигурирован
2026-09-22 21:37:28 | [INFO   ] | Приложение запущено
2026-09-22 21:37:39 | [INFO   ] | Тип треугольника: Равносторонний
2026-09-22 21:37:39 | [INFO   ] | Координаты вершин: [(0, 0), (10000, 0), (5000, 8660)]
2026-09-22 21:37:52 | [INFO   ] | Логгер успешно сконфигурирован
2026-09-22 21:37:52 | [INFO   ] | Приложение запущено
2026-09-22 21:37:56 | [INFO   ] | Тип треугольника: Равносторонний
2026-09-22 21:37:56 | [INFO   ] | Координаты вершин: [(0, 0), (5, 0), (2, 4)]
2026-09-22 21:38:44 | [INFO   ] | Логгер успешно сконфигурирован
2026-09-22 21:38:44 | [INFO   ] | Приложение запущено
2026-09-22 21:38:49 | [INFO   ] | Тип треугольника: Равносторонний
2026-09-22 21:38:49 | [INFO   ] | Координаты вершин: [(0, 0), (100, 0), (50, 87)]
2026-09-22 21:49:00 | [INFO   ] | Логгер успешно сконфигурирован
2026-09-22 21:49:00 | [INFO   ] | Приложение запущено
2026-09-22 21:50:51 | [INFO   ] | Тип треугольника: Равнобедренный
2026-09-22 21:50:51 | [INFO   ] | Координаты вершин: [(0, 0), (1, 0), (1, 100)]
2026-09-22 21:51:04 | [INFO   ] | Логгер успешно сконфигурирован
2026-09-22 21:51:04 | [INFO   ] | Приложение запущено
2026-09-22 21:51:09 | [INFO   ] | Тип треугольника: Разносторонний
2026-09-22 21:51:09 | [INFO   ] | Координаты вершин: [(0, 0), (100, 0), (66, 36)]
2026-09-22 21:51:25 | [INFO   ] | Логгер успешно сконфигурирован
2026-09-22 21:51:25 | [INFO   ] | Приложение запущено
2026-09-22 21:51:30 | [INFO   ] | Тип треугольника: Равнобедренный
2026-09-22 21:51:30 | [INFO   ] | Координаты вершин: [(0, 0), (100, 0), (50, 49)]
2026-09-22 21:51:41 | [INFO   ] | Логгер успешно сконфигурирован
2026-09-22 21:51:41 | [INFO   ] | Приложение запущено
2026-09-22 21:51:49 | [INFO   ] | Тип треугольника: Не треугольник
2026-09-22 21:51:49 | [INFO   ] | Координаты вершин: [(-1, -1), (-1, -1), (-1, -1)]
2026-09-22 21:51:54 | [INFO   ] | Логгер успешно сконфигурирован
2026-09-22 21:51:54 | [INFO   ] | Приложение запущено
2026-09-22 21:52:00 | [INFO   ] | Тип треугольника: Не треугольник
2026-09-22 21:52:00 | [INFO   ] | Координаты вершин: [(-1, -1), (-1, -1), (-1, -1)]
2026-09-22 21:52:05 | [INFO   ] | Логгер успешно сконфигурирован
2026-09-22 21:52:05 | [INFO   ] | Приложение запущено
2026-09-22 21:52:22 | [INFO   ] | Тип треугольника: Не треугольник
2026-09-22 21:52:22 | [INFO   ] | Координаты вершин: [(-1, -1), (-1, -1), (-1, -1)]
2026-09-22 21:52:29 | [INFO   ] | Логгер успешно сконфигурирован
2026-09-22 21:52:29 | [INFO   ] | Приложение запущено
2026-09-22 21:52:38 | [INFO   ] | Тип треугольника: Не треугольник
2026-09-22 21:52:38 | [INFO   ] | Координаты вершин: [(-1, -1), (-1, -1), (-1, -1)]
2026-09-22 21:52:45 | [INFO   ] | Логгер успешно сконфигурирован
2026-09-22 21:52:45 | [INFO   ] | Приложение запущено
2026-09-22 21:52:51 | [INFO   ] | Тип треугольника: Не треугольник
2026-09-22 21:52:51 | [INFO   ] | Координаты вершин: [(-1, -1), (-1, -1), (-1, -1)]
2026-09-22 21:52:54 | [INFO   ] | Логгер успешно сконфигурирован
2026-09-22 21:52:54 | [INFO   ] | Приложение запущено
2026-09-22 21:52:59 | [INFO   ] | Тип треугольника: Не треугольник
2026-09-22 21:52:59 | [INFO   ] | Координаты вершин: [(-1, -1), (-1, -1), (-1, -1)]
2026-09-22 21:53:03 | [INFO   ] | Логгер успешно сконфигурирован
2026-09-22 21:53:03 | [INFO   ] | Приложение запущено
2026-09-22 21:53:08 | [INFO   ] | Тип треугольника: Не треугольник
2026-09-22 21:53:08 | [INFO   ] | Координаты вершин: [(-1, -1), (-1, -1), (-1, -1)]
2026-09-22 21:53:12 | [INFO   ] | Логгер успешно сконфигурирован
2026-09-22 21:53:12 | [INFO   ] | Приложение запущено
2026-09-22 21:53:16 | [INFO   ] | Тип треугольника: Не треугольник
2026-09-22 21:53:16 | [INFO   ] | Координаты вершин: [(-1, -1), (-1, -1), (-1, -1)]
2026-09-22 21:54:42 | [INFO   ] | Логгер успешно сконфигурирован
2026-09-22 21:54:42 | [INFO   ] | Приложение запущено
2026-09-22 21:54:55 | [INFO   ] | Тип треугольника: Разносторонний
2026-09-22 21:54:55 | [INFO   ] | Координаты вершин: [(-1, -1), (-1, -1), (-1, -1)]
2026-09-22 21:57:20 | [INFO   ] | Логгер успешно сконфигурирован
2026-09-22 21:57:20 | [INFO   ] | Приложение запущено
2026-09-22 21:57:32 | [INFO   ] | Тип треугольника: Не треугольник
2026-09-22 21:57:32 | [INFO   ] | Координаты вершин: [(-1, -1), (-1, -1), (-1, -1)]
2026-09-22 21:58:18 | [INFO   ] | Логгер успешно сконфигурирован
2026-09-22 21:58:18 | [INFO   ] | Приложение запущено
2026-09-22 21:59:10 | [INFO   ] | Тип треугольника: Не треугольник
2026-09-22 21:59:10 | [INFO   ] | Координаты вершин: [(-1, -1), (-1, -1), (-1, -1)]
2026-09-22 22:00:02 | [INFO   ] | Логгер успешно сконфигурирован
2026-09-22 22:00:02 | [INFO   ] | Приложение запущено
2026-09-22 22:00:21 | [INFO   ] | Тип треугольника: Не треугольник
2026-09-22 22:00:21 | [INFO   ] | Координаты вершин: [(-1, -1), (-1, -1), (-1, -1)]
2026-09-22 22:00:55 | [INFO   ] | Логгер успешно сконфигурирован
2026-09-22 22:00:55 | [INFO   ] | Приложение запущено
2026-09-22 22:01:05 | [INFO   ] | Тип треугольника: Разносторонний
2026-09-22 22:01:05 | [INFO   ] | Координаты вершин: [(0, 0), (100, 0), (60, 21)]
2026-09-22 22:01:33 | [INFO   ] | Логгер успешно сконфигурирован
2026-09-22 22:01:33 | [INFO   ] | Приложение запущено
2026-09-22 22:01:38 | [INFO   ] | Тип треугольника: Равносторонний
2026-09-22 22:01:38 | [INFO   ] | Координаты вершин: [(0, 0), (100, 0), (50, 87)]
2026-09-22 22:02:06 | [INFO   ] | Логгер успешно сконфигурирован
2026-09-22 22:02:06 | [INFO   ] | Приложение запущено
2026-09-22 22:02:24 | [INFO   ] | Тип треугольника: Равносторонний
2026-09-22 22:02:24 | [INFO   ] | Координаты вершин: [(0, 0), (100, 0), (50, 87)]
2026-09-22 22:03:02 | [INFO   ] | Логгер успешно сконфигурирован
2026-09-22 22:03:02 | [INFO   ] | Приложение запущено
2026-09-22 22:03:10 | [INFO   ] | Тип треугольника: Не треугольник
2026-09-22 22:03:10 | [INFO   ] | Координаты вершин: [(-1, -1), (-1, -1), (-1, -1)]
2026-09-22 22:11:29 | [INFO   ] | Логгер успешно сконфигурирован
2026-09-22 22:11:29 | [INFO   ] | Приложение запущено
2026-09-22 22:12:12 | [INFO   ] | Тип треугольника: Разносторонний
2026-09-22 22:12:12 | [INFO   ] | Координаты вершин: [(-1, -1), (-1, -1), (-1, -1)]
2026-09-22 22:22:46 | [INFO   ] | Логгер успешно сконфигурирован
2026-09-22 22:22:46 | [INFO   ] | Приложение запущено
2026-09-22 22:23:01 | [INFO   ] | Тип треугольника: Не треугольник
2026-09-22 22:23:01 | [INFO   ] | Координаты вершин: [(-1, -1), (-1, -1), (-1, -1)]
2026-09-22 22:23:20 | [INFO   ] | Логгер успешно сконфигурирован
2026-09-22 22:23:20 | [INFO   ] | Приложение запущено
2026-09-22 22:24:09 | [INFO   ] | Тип треугольника: Не треугольник
2026-09-22 22:24:09 | [INFO   ] | Координаты вершин: [(-1, -1), (-1, -1), (-1, -1)]
2026-09-22 22:27:07 | [INFO   ] | Логгер успешно сконфигурирован
2026-09-22 22:27:07 | [INFO   ] | Приложение запущено
2026-09-22 22:27:16 | [INFO   ] | Тип треугольника: Не треугольник
2026-09-22 22:27:16 | [INFO   ] | Координаты вершин: [(-1, -1), (-1, -1), (-1, -1)]
2026-09-23 15:13:30 | [INFO   ] | Логгер успешно сконфигурирован
2026-09-23 15:13:30 | [INFO   ] | Приложение запущено
2026-09-23 15:13:37 | [INFO   ] | Тип треугольника: Не треугольник
2026-09-23 15:13:37 | [INFO   ] | Координаты вершин: [(-1, -1), (-1, -1), (-1, -1)]
2026-09-23 15:20:38 | [INFO   ] | Логгер успешно сконфигурирован
2026-09-23 15:20:38 | [INFO   ] | Приложение запущено
2026-09-23 15:20:44 | [INFO   ] | Тип треугольника: Не треугольник
2026-09-23 15:20:44 | [INFO   ] | Координаты вершин: [(-1, -1), (-1, -1), (-1, -1)]
2026-09-23 15:20:44 | [WARNING] | Неверные координаты для отрисовки треугольника
2026-09-23 15:21:12 | [INFO   ] | Логгер успешно сконфигурирован
2026-09-23 15:21:12 | [INFO   ] | Приложение запущено
2026-09-23 15:21:18 | [WARNING] | Нечисловые данные: a=None, b=None, c=56.0.Тип: '', координаты вершин: [(-2, -2), (-2, -2), (-2, -2)]
2026-09-23 15:21:41 | [INFO   ] | Логгер успешно сконфигурирован
2026-09-23 15:21:41 | [INFO   ] | Приложение запущено
2026-09-23 15:21:43 | [INFO   ] | Тип треугольника: Разносторонний
2026-09-23 15:21:43 | [INFO   ] | Координаты вершин: [(0, 0), (100, 0), (-12, 87)]
2026-09-23 15:23:18 | [INFO   ] | Логгер успешно сконфигурирован
2026-09-23 15:23:18 | [INFO   ] | Приложение запущено
2026-09-23 15:23:29 | [INFO   ] | Логгер успешно сконфигурирован
2026-09-23 15:23:29 | [INFO   ] | Приложение запущено
2026-09-23 15:23:33 | [INFO   ] | Тип треугольника: Не треугольник
2026-09-23 15:23:33 | [INFO   ] | Координаты вершин: [(-1, -1), (-1, -1), (-1, -1)]
2026-09-23 15:23:33 | [WARNING] | Невалидные числовые данные: a=432.0, b=52.0, c=123.0. Тип: 'Не треугольник' | Координаты: [(-1, -1), (-1, -1), (-1, -1)]
2026-09-23 15:24:24 | [INFO   ] | Логгер успешно сконфигурирован
2026-09-23 15:24:24 | [INFO   ] | Приложение запущено
2026-09-23 15:24:27 | [INFO   ] | Тип треугольника: Равносторонний
2026-09-23 15:24:27 | [INFO   ] | Координаты вершин: [(0, 0), (100, 0), (50, 87)]
